INFO:     Started server process [38424]
INFO:     Waiting for application startup.
INFO:     Application startup complete.
INFO:     Uvicorn running on http://127.0.0.1:8000 (Press CTRL+C to quit)
INFO:     127.0.0.1:51688 - "WebSocket /ws" [accepted]
INFO:     connection open
INFO:     127.0.0.1:58303 - "WebSocket /ws" [accepted]
INFO:     connection open
INFO:     connection closed
INFO:     connection closed
INFO:     127.0.0.1:59499 - "WebSocket /ws" [accepted]
INFO:     connection open
INFO:     127.0.0.1:54245 - "WebSocket /ws" [accepted]
ERROR:    Exception in ASGI application
Traceback (most recent call last):
  File "C:\Users\kushagra\OneDrive\Documents\CS Projects\MonopolyBench\python\apps\api\src\monopoly_api\main.py", line 493, in ws
    await websocket.receive_text()
  File "C:\Users\kushagra\OneDrive\Documents\CS Projects\MonopolyBench\python\.venv\Lib\site-packages\starlette\websockets.py", line 118, in receive_text
    raise RuntimeError('WebSocket is not connected. Need to call "accept" first.')
RuntimeError: WebSocket is not connected. Need to call "accept" first.

During handling of the above exception, another exception occurred:

Traceback (most recent call last):
  File "C:\Users\kushagra\OneDrive\Documents\CS Projects\MonopolyBench\python\.venv\Lib\site-packages\uvicorn\protocols\websockets\websockets_impl.py", line 244, in run_asgi
    result = await self.app(self.scope, self.asgi_receive, self.asgi_send)  # type: ignore[func-returns-value]
             ^^^^^^^^^^^^^^^^^^^^^^^^^^^^^^^^^^^^^^^^^^^^^^^^^^^^^^^^^^^^^
  File "C:\Users\kushagra\OneDrive\Documents\CS Projects\MonopolyBench\python\.venv\Lib\site-packages\uvicorn\middleware\proxy_headers.py", line 60, in __call__
    return await self.app(scope, receive, send)
           ^^^^^^^^^^^^^^^^^^^^^^^^^^^^^^^^^^^^
  File "C:\Users\kushagra\OneDrive\Documents\CS Projects\MonopolyBench\python\.venv\Lib\site-packages\fastapi\applications.py", line 1135, in __call__
    await super().__call__(scope, receive, send)
  File "C:\Users\kushagra\OneDrive\Documents\CS Projects\MonopolyBench\python\.venv\Lib\site-packages\starlette\applications.py", line 107, in __call__
    await self.middleware_stack(scope, receive, send)
  File "C:\Users\kushagra\OneDrive\Documents\CS Projects\MonopolyBench\python\.venv\Lib\site-packages\starlette\middleware\errors.py", line 151, in __call__
    await self.app(scope, receive, send)
  File "C:\Users\kushagra\OneDrive\Documents\CS Projects\MonopolyBench\python\.venv\Lib\site-packages\starlette\middleware\base.py", line 103, in __call__
    await self.app(scope, receive, send)
  File "C:\Users\kushagra\OneDrive\Documents\CS Projects\MonopolyBench\python\.venv\Lib\site-packages\starlette\middleware\cors.py", line 77, in __call__
    await self.app(scope, receive, send)
  File "C:\Users\kushagra\OneDrive\Documents\CS Projects\MonopolyBench\python\.venv\Lib\site-packages\starlette\middleware\exceptions.py", line 63, in __call__
    await wrap_app_handling_exceptions(self.app, conn)(scope, receive, send)
  File "C:\Users\kushagra\OneDrive\Documents\CS Projects\MonopolyBench\python\.venv\Lib\site-packages\starlette\_exception_handler.py", line 53, in wrapped_app
    raise exc
  File "C:\Users\kushagra\OneDrive\Documents\CS Projects\MonopolyBench\python\.venv\Lib\site-packages\starlette\_exception_handler.py", line 42, in wrapped_app
    await app(scope, receive, sender)
  File "C:\Users\kushagra\OneDrive\Documents\CS Projects\MonopolyBench\python\.venv\Lib\site-packages\fastapi\middleware\asyncexitstack.py", line 18, in __call__
    await self.app(scope, receive, send)
  File "C:\Users\kushagra\OneDrive\Documents\CS Projects\MonopolyBench\python\.venv\Lib\site-packages\starlette\routing.py", line 716, in __call__
    await self.middleware_stack(scope, receive, send)
  File "C:\Users\kushagra\OneDrive\Documents\CS Projects\MonopolyBench\python\.venv\Lib\site-packages\starlette\routing.py", line 736, in app
    await route.handle(scope, receive, send)
  File "C:\Users\kushagra\OneDrive\Documents\CS Projects\MonopolyBench\python\.venv\Lib\site-packages\starlette\routing.py", line 364, in handle
    await self.app(scope, receive, send)
  File "C:\Users\kushagra\OneDrive\Documents\CS Projects\MonopolyBench\python\.venv\Lib\site-packages\fastapi\routing.py", line 145, in app
    await wrap_app_handling_exceptions(app, session)(scope, receive, send)
  File "C:\Users\kushagra\OneDrive\Documents\CS Projects\MonopolyBench\python\.venv\Lib\site-packages\starlette\_exception_handler.py", line 53, in wrapped_app
    raise exc
  File "C:\Users\kushagra\OneDrive\Documents\CS Projects\MonopolyBench\python\.venv\Lib\site-packages\starlette\_exception_handler.py", line 42, in wrapped_app
    await app(scope, receive, sender)
  File "C:\Users\kushagra\OneDrive\Documents\CS Projects\MonopolyBench\python\.venv\Lib\site-packages\fastapi\routing.py", line 142, in app
    await func(session)
  File "C:\Users\kushagra\OneDrive\Documents\CS Projects\MonopolyBench\python\.venv\Lib\site-packages\fastapi\routing.py", line 509, in app
    await dependant.call(**solved_result.values)
  File "C:\Users\kushagra\OneDrive\Documents\CS Projects\MonopolyBench\python\apps\api\src\monopoly_api\main.py", line 497, in ws
    await websocket.send_json(
    ...<8 lines>...
    )
  File "C:\Users\kushagra\OneDrive\Documents\CS Projects\MonopolyBench\python\.venv\Lib\site-packages\starlette\websockets.py", line 176, in send_json
    await self.send({"type": "websocket.send", "text": text})
  File "C:\Users\kushagra\OneDrive\Documents\CS Projects\MonopolyBench\python\.venv\Lib\site-packages\starlette\websockets.py", line 98, in send
    raise RuntimeError('Cannot call "send" once a close message has been sent.')
RuntimeError: Cannot call "send" once a close message has been sent.
INFO:     connection closed
INFO:     connection open
INFO:     connection closed
